This is pdfTeX, Version 3.141592653-2.6-1.40.28 (TeX Live 2025) (preloaded format=pdflatex 2026.6.1)  4 JUN 2026 09:36
entering extended mode
 restricted \write18 enabled.
 %&-line parsing enabled.
**fa_kgd.tex
(./fa_kgd.tex
LaTeX2e <2025-11-01>
L3 programming layer <2026-01-19>
(/usr/local/texlive/2025basic/texmf-dist/tex/latex/base/article.cls
Document Class: article 2025/01/22 v1.4n Standard LaTeX document class
(/usr/local/texlive/2025basic/texmf-dist/tex/latex/base/size10.clo
File: size10.clo 2025/01/22 v1.4n Standard LaTeX file (size option)
)
\c@part=\count275
\c@section=\count276
\c@subsection=\count277
\c@subsubsection=\count278
\c@paragraph=\count279
\c@subparagraph=\count280
\c@figure=\count281
\c@table=\count282
\abovecaptionskip=\skip49
\belowcaptionskip=\skip50
\bibindent=\dimen148
)
(../cvpr2017AuthorKit/latex/cvpr.sty
(/usr/local/texlive/2025basic/texmf-dist/tex/latex/eso-pic/eso-pic.sty
Package: eso-pic 2025/12/10 v3.0d eso-pic (RN)
\ESO@tempdima=\dimen149
\ESO@tempdimb=\dimen150

(/usr/local/texlive/2025basic/texmf-dist/tex/latex/graphics/keyval.sty
Package: keyval 2022/05/29 v1.15 key=value parser (DPC)
\KV@toks@=\toks17
)
(/usr/local/texlive/2025basic/texmf-dist/tex/latex/xcolor/xcolor.sty
Package: xcolor 2024/09/29 v3.02 LaTeX color extensions (UK)

(/usr/local/texlive/2025basic/texmf-dist/tex/latex/graphics-cfg/color.cfg
File: color.cfg 2016/01/02 v1.6 sample color configuration
)
Package xcolor Info: Driver file: pdftex.def on input line 274.

(/usr/local/texlive/2025basic/texmf-dist/tex/latex/graphics-def/pdftex.def
File: pdftex.def 2025/09/29 v1.2d Graphics/color driver for pdftex
)
(/usr/local/texlive/2025basic/texmf-dist/tex/latex/graphics/mathcolor.ltx)
Package xcolor Info: Model `cmy' substituted by `cmy0' on input line 1349.
Package xcolor Info: Model `hsb' substituted by `rgb' on input line 1353.
Package xcolor Info: Model `RGB' extended on input line 1365.
Package xcolor Info: Model `HTML' substituted by `rgb' on input line 1367.
Package xcolor Info: Model `Hsb' substituted by `hsb' on input line 1368.
Package xcolor Info: Model `tHsb' substituted by `hsb' on input line 1369.
Package xcolor Info: Model `HSB' substituted by `hsb' on input line 1370.
Package xcolor Info: Model `Gray' substituted by `gray' on input line 1371.
Package xcolor Info: Model `wave' substituted by `hsb' on input line 1372.
))
(/usr/local/texlive/2025basic/texmf-dist/tex/latex/tools/xspace.sty
Package: xspace 2014/10/28 v1.13 Space after command names (DPC,MH)
)
CVPR 8.5 x 11-Inch Proceedings Style `cvpr.sty'.
\@ctmp=\skip51
\@figindent=\skip52
\cvprrulerbox=\box53
\cvprrulercount=\count283
\cvprruleroffset=\dimen151
\cv@lineheight=\dimen152
\cv@boxheight=\dimen153
\cv@tmpbox=\box54
\cv@refno=\count284
\cv@tot=\count285
\cv@tmpc@=\count286
\cv@tmpc=\count287
) (/usr/local/texlive/2025basic/texmf-dist/tex/latex/psnfss/times.sty
Package: times 2020/03/25 PSNFSS-v9.3 (SPQR) 
)
(/usr/local/texlive/2025basic/texmf-dist/tex/latex/graphics/epsfig.sty
Package: epsfig 2024/01/14 v1.7b (e)psfig emulation (SPQR)

(/usr/local/texlive/2025basic/texmf-dist/tex/latex/graphics/graphicx.sty
Package: graphicx 2024/12/31 v1.2e Enhanced LaTeX Graphics (DPC,SPQR)

(/usr/local/texlive/2025basic/texmf-dist/tex/latex/graphics/graphics.sty
Package: graphics 2024/08/06 v1.4g Standard LaTeX Graphics (DPC,SPQR)

(/usr/local/texlive/2025basic/texmf-dist/tex/latex/graphics/trig.sty
Package: trig 2023/12/02 v1.11 sin cos tan (DPC)
)
(/usr/local/texlive/2025basic/texmf-dist/tex/latex/graphics-cfg/graphics.cfg
File: graphics.cfg 2016/06/04 v1.11 sample graphics configuration
)
Package graphics Info: Driver file: pdftex.def on input line 106.
)
\Gin@req@height=\dimen154
\Gin@req@width=\dimen155
)
\epsfxsize=\dimen156
\epsfysize=\dimen157
) (/usr/local/texlive/2025basic/texmf-dist/tex/latex/amsmath/amsmath.sty
Package: amsmath 2025/07/09 v2.17z AMS math features
\@mathmargin=\skip53

For additional information on amsmath, use the `?' option.
(/usr/local/texlive/2025basic/texmf-dist/tex/latex/amsmath/amstext.sty
Package: amstext 2024/11/17 v2.01 AMS text

(/usr/local/texlive/2025basic/texmf-dist/tex/latex/amsmath/amsgen.sty
File: amsgen.sty 1999/11/30 v2.0 generic functions
\@emptytoks=\toks18
\ex@=\dimen158
))
(/usr/local/texlive/2025basic/texmf-dist/tex/latex/amsmath/amsbsy.sty
Package: amsbsy 1999/11/29 v1.2d Bold Symbols
\pmbraise@=\dimen159
)
(/usr/local/texlive/2025basic/texmf-dist/tex/latex/amsmath/amsopn.sty
Package: amsopn 2022/04/08 v2.04 operator names
)
\inf@bad=\count288
LaTeX Info: Redefining \frac on input line 233.
\uproot@=\count289
\leftroot@=\count290
LaTeX Info: Redefining \overline on input line 398.
LaTeX Info: Redefining \colon on input line 409.
\classnum@=\count291
\DOTSCASE@=\count292
LaTeX Info: Redefining \ldots on input line 495.
LaTeX Info: Redefining \dots on input line 498.
LaTeX Info: Redefining \cdots on input line 619.
\Mathstrutbox@=\box55
\strutbox@=\box56
LaTeX Info: Redefining \big on input line 721.
LaTeX Info: Redefining \Big on input line 722.
LaTeX Info: Redefining \bigg on input line 723.
LaTeX Info: Redefining \Bigg on input line 724.
\big@size=\dimen160
LaTeX Font Info:    Redeclaring font encoding OML on input line 742.
LaTeX Font Info:    Redeclaring font encoding OMS on input line 743.
\macc@depth=\count293
LaTeX Info: Redefining \bmod on input line 904.
LaTeX Info: Redefining \pmod on input line 909.
LaTeX Info: Redefining \smash on input line 939.
LaTeX Info: Redefining \relbar on input line 969.
LaTeX Info: Redefining \Relbar on input line 970.
\c@MaxMatrixCols=\count294
\dotsspace@=\muskip17
\c@parentequation=\count295
\dspbrk@lvl=\count296
\tag@help=\toks19
\row@=\count297
\column@=\count298
\maxfields@=\count299
\andhelp@=\toks20
\eqnshift@=\dimen161
\alignsep@=\dimen162
\tagshift@=\dimen163
\tagwidth@=\dimen164
\totwidth@=\dimen165
\lineht@=\dimen166
\@envbody=\toks21
\multlinegap=\skip54
\multlinetaggap=\skip55
\mathdisplay@stack=\toks22
LaTeX Info: Redefining \[ on input line 2950.
LaTeX Info: Redefining \] on input line 2951.
)
(/usr/local/texlive/2025basic/texmf-dist/tex/latex/amsfonts/amssymb.sty
Package: amssymb 2013/01/14 v3.01 AMS font symbols

(/usr/local/texlive/2025basic/texmf-dist/tex/latex/amsfonts/amsfonts.sty
Package: amsfonts 2013/01/14 v3.01 Basic AMSFonts support
\symAMSa=\mathgroup4
\symAMSb=\mathgroup5
LaTeX Font Info:    Redeclaring math symbol \hbar on input line 98.
LaTeX Font Info:    Overwriting math alphabet `\mathfrak' in version `bold'
(Font)                  U/euf/m/n --> U/euf/b/n on input line 106.
))
(/usr/local/texlive/2025basic/texmf-dist/tex/latex/algorithms/algorithmic.sty
Package: algorithmic 2009/08/24 v0.1 Document Style `algorithmic'

(/usr/local/texlive/2025basic/texmf-dist/tex/latex/base/ifthen.sty
Package: ifthen 2024/03/16 v1.1e Standard LaTeX ifthen package (DPC)
)
\c@ALC@unique=\count300
\c@ALC@line=\count301
\c@ALC@rem=\count302
\c@ALC@depth=\count303
\ALC@tlm=\skip56
\algorithmicindent=\skip57
)
(/usr/local/texlive/2025basic/texmf-dist/tex/latex/algorithms/algorithm.sty
Package: algorithm 2009/08/24 v0.1 Document Style `algorithm' - floating enviro
nment

(/usr/local/texlive/2025basic/texmf-dist/tex/latex/float/float.sty
Package: float 2001/11/08 v1.3d Float enhancements (AL)
\c@float@type=\count304
\float@exts=\toks23
\float@box=\box57
\@float@everytoks=\toks24
\@floatcapt=\box58
)
\@float@every@algorithm=\toks25
\c@algorithm=\count305
)
(/usr/local/texlive/2025basic/texmf-dist/tex/latex/caption/subcaption.sty
Package: subcaption 2023/07/28 v1.6b Sub-captions (AR)

(/usr/local/texlive/2025basic/texmf-dist/tex/latex/caption/caption.sty
Package: caption 2023/08/05 v3.6o Customizing captions (AR)

(/usr/local/texlive/2025basic/texmf-dist/tex/latex/caption/caption3.sty
Package: caption3 2023/07/31 v2.4d caption3 kernel (AR)
\caption@tempdima=\dimen167
\captionmargin=\dimen168
\caption@leftmargin=\dimen169
\caption@rightmargin=\dimen170
\caption@width=\dimen171
\caption@indent=\dimen172
\caption@parindent=\dimen173
\caption@hangindent=\dimen174
Package caption Info: Unknown document class (or package),
(caption)             standard defaults will be used.
Package caption Info: \@makecaption = \long macro:#1#2-> \setbox \@tempboxa \hb
ox {\small \noindent #1.~#2} \setlength {\@ctmp }{\hsize } \addtolength {\@ctmp
 }{-\@figindent }\addtolength {\@ctmp }{-\@figindent } \ifdim \wd \@tempboxa >\
@ctmp {\small #1.~#2\par } \else \hbox to\hsize {\hfil \box \@tempboxa \hfil } 
\fi  on input line 1175.
)

Package caption Warning: Unknown document class (or package),
(caption)                standard defaults will be used.
See the caption package documentation for explanation.

\c@caption@flags=\count306
\c@continuedfloat=\count307
Package caption Info: float package is loaded.
)
Package caption Info: New subtype `subfigure' on input line 238.
\c@subfigure=\count308
Package caption Info: New subtype `subtable' on input line 238.
\c@subtable=\count309
) (/usr/local/texlive/2025basic/texmf-dist/tex/latex/booktabs/booktabs.sty
Package: booktabs 2020/01/12 v1.61803398 Publication quality tables
\heavyrulewidth=\dimen175
\lightrulewidth=\dimen176
\cmidrulewidth=\dimen177
\belowrulesep=\dimen178
\belowbottomsep=\dimen179
\aboverulesep=\dimen180
\abovetopsep=\dimen181
\cmidrulesep=\dimen182
\cmidrulekern=\dimen183
\defaultaddspace=\dimen184
\@cmidla=\count310
\@cmidlb=\count311
\@aboverulesep=\dimen185
\@belowrulesep=\dimen186
\@thisruleclass=\count312
\@lastruleclass=\count313
\@thisrulewidth=\dimen187
)
(/usr/local/texlive/2025basic/texmf-dist/tex/latex/cite/cite.sty
LaTeX Info: Redefining \cite on input line 302.
LaTeX Info: Redefining \nocite on input line 332.
Package: cite 2015/02/27  v 5.5
)
(/usr/local/texlive/2025basic/texmf-dist/tex/latex/url/url.sty
\Urlmuskip=\muskip18
Package: url 2013/09/16  ver 3.4  Verb mode for urls, etc.
)
(/usr/local/texlive/2025basic/texmf-dist/tex/latex/tools/bm.sty
Package: bm 2025/10/21 v1.2g Bold Symbol Support (DPC/FMi)
\symboldoperators=\mathgroup6
\symboldletters=\mathgroup7
\symboldsymbols=\mathgroup8
Package bm Info: No bold for \OMX/cmex/m/n, using \pmb.
Package bm Info: No bold for \U/msa/m/n, using \pmb.
Package bm Info: No bold for \U/msb/m/n, using \pmb.
LaTeX Font Info:    Redeclaring math alphabet \mathbf on input line 149.
)
(/usr/local/texlive/2025basic/texmf-dist/tex/latex/multirow/multirow.sty
Package: multirow 2024/11/12 v2.9 Span multiple rows of a table
\multirow@colwidth=\skip58
\multirow@cntb=\count314
\multirow@dima=\skip59
\bigstrutjot=\dimen188
)
(/usr/local/texlive/2025basic/texmf-dist/tex/latex/hyperref/hyperref.sty
Package: hyperref 2026-01-29 v7.01p Hypertext links for LaTeX

(/usr/local/texlive/2025basic/texmf-dist/tex/generic/iftex/iftex.sty
Package: iftex 2024/12/12 v1.0g TeX engine tests
)
(/usr/local/texlive/2025basic/texmf-dist/tex/latex/kvsetkeys/kvsetkeys.sty
Package: kvsetkeys 2022-10-05 v1.19 Key value parser (HO)
)
(/usr/local/texlive/2025basic/texmf-dist/tex/generic/kvdefinekeys/kvdefinekeys.
sty
Package: kvdefinekeys 2019-12-19 v1.6 Define keys (HO)
)
(/usr/local/texlive/2025basic/texmf-dist/tex/generic/pdfescape/pdfescape.sty
Package: pdfescape 2019/12/09 v1.15 Implements pdfTeX's escape features (HO)

(/usr/local/texlive/2025basic/texmf-dist/tex/generic/ltxcmds/ltxcmds.sty
Package: ltxcmds 2023-12-04 v1.26 LaTeX kernel commands for general use (HO)
)
(/usr/local/texlive/2025basic/texmf-dist/tex/generic/pdftexcmds/pdftexcmds.sty
Package: pdftexcmds 2020-06-27 v0.33 Utility functions of pdfTeX for LuaTeX (HO
)

(/usr/local/texlive/2025basic/texmf-dist/tex/generic/infwarerr/infwarerr.sty
Package: infwarerr 2019/12/03 v1.5 Providing info/warning/error messages (HO)
)
Package pdftexcmds Info: \pdf@primitive is available.
Package pdftexcmds Info: \pdf@ifprimitive is available.
Package pdftexcmds Info: \pdfdraftmode found.
)) (/usr/local/texlive/2025basic/texmf-dist/tex/latex/hycolor/hycolor.sty
Package: hycolor 2020-01-27 v1.10 Color options for hyperref/bookmark (HO)
)
(/usr/local/texlive/2025basic/texmf-dist/tex/latex/hyperref/nameref.sty
Package: nameref 2026-01-29 v2.58 Cross-referencing by name of section

(/usr/local/texlive/2025basic/texmf-dist/tex/latex/refcount/refcount.sty
Package: refcount 2019/12/15 v3.6 Data extraction from label references (HO)
)
(/usr/local/texlive/2025basic/texmf-dist/tex/generic/gettitlestring/gettitlestr
ing.sty
Package: gettitlestring 2019/12/15 v1.6 Cleanup title references (HO)

(/usr/local/texlive/2025basic/texmf-dist/tex/latex/kvoptions/kvoptions.sty
Package: kvoptions 2022-06-15 v3.15 Key value format for package options (HO)
))
\c@section@level=\count315
)
(/usr/local/texlive/2025basic/texmf-dist/tex/latex/etoolbox/etoolbox.sty
Package: etoolbox 2025/10/02 v2.5m e-TeX tools for LaTeX (JAW)
\etb@tempcnta=\count316
)
(/usr/local/texlive/2025basic/texmf-dist/tex/generic/stringenc/stringenc.sty
Package: stringenc 2019/11/29 v1.12 Convert strings between diff. encodings (HO
)
)
\@linkdim=\dimen189
\Hy@linkcounter=\count317
\Hy@pagecounter=\count318

(/usr/local/texlive/2025basic/texmf-dist/tex/latex/hyperref/pd1enc.def
File: pd1enc.def 2026-01-29 v7.01p Hyperref: PDFDocEncoding definition (HO)
Now handling font encoding PD1 ...
... no UTF-8 mapping file for font encoding PD1
)
(/usr/local/texlive/2025basic/texmf-dist/tex/generic/intcalc/intcalc.sty
Package: intcalc 2019/12/15 v1.3 Expandable calculations with integers (HO)
)
\Hy@SavedSpaceFactor=\count319

(/usr/local/texlive/2025basic/texmf-dist/tex/latex/hyperref/puenc.def
File: puenc.def 2026-01-29 v7.01p Hyperref: PDF Unicode definition (HO)
Now handling font encoding PU ...
... no UTF-8 mapping file for font encoding PU
)
Package hyperref Info: Option `breaklinks' set `true' on input line 4072.


Package hyperref Warning: Option `letterpaper' is no longer used.

Package hyperref Info: Option `colorlinks' set `true' on input line 4072.
Package hyperref Info: Option `bookmarks' set `false' on input line 4072.
Package hyperref Info: Hyper figures OFF on input line 4201.
Package hyperref Info: Link nesting OFF on input line 4206.
Package hyperref Info: Hyper index ON on input line 4209.
Package hyperref Info: Plain pages OFF on input line 4216.
Package hyperref Info: Backreferencing ON on input line 4219.
Package hyperref Info: Implicit mode ON; LaTeX internals redefined.
Package hyperref Info: Bookmarks OFF on input line 4474.
(/usr/local/texlive/2025basic/texmf-dist/tex/latex/hyperref/backref.sty
Package: backref 2025-06-21 v1.45 Bibliographical back referencing

(/usr/local/texlive/2025basic/texmf-dist/tex/latex/rerunfilecheck/rerunfilechec
k.sty
Package: rerunfilecheck 2025-06-21 v1.11 Rerun checks for auxiliary files (HO)

(/usr/local/texlive/2025basic/texmf-dist/tex/generic/uniquecounter/uniquecounte
r.sty
Package: uniquecounter 2019/12/15 v1.4 Provide unlimited unique counter (HO)

(/usr/local/texlive/2025basic/texmf-dist/tex/generic/bigintcalc/bigintcalc.sty
Package: bigintcalc 2019/12/15 v1.5 Expandable calculations on big integers (HO
)
))
Package uniquecounter Info: New unique counter `rerunfilecheck' on input line 2
84.
))
\c@Hy@tempcnt=\count320
LaTeX Info: Redefining \url on input line 4807.
\XeTeXLinkMargin=\dimen190
 (/usr/local/texlive/2025basic/texmf-dist/tex/generic/bitset/bitset.sty
Package: bitset 2019/12/09 v1.3 Handle bit-vector datatype (HO)
)
\Fld@menulength=\count321
\Field@Width=\dimen191
\Fld@charsize=\dimen192
Package hyperref Info: Hyper figures OFF on input line 6084.
Package hyperref Info: Link nesting OFF on input line 6089.
Package hyperref Info: Hyper index ON on input line 6092.
Package hyperref Info: backreferencing ON on input line 6097.
Package hyperref Info: Link coloring ON on input line 6102.
Package hyperref Info: Link coloring with OCG OFF on input line 6109.
Package hyperref Info: PDF/A mode OFF on input line 6114.
\Hy@abspage=\count322
\c@Item=\count323
\c@Hfootnote=\count324
)
Package hyperref Info: Driver (autodetected): hpdftex.

(/usr/local/texlive/2025basic/texmf-dist/tex/latex/hyperref/hpdftex.def
File: hpdftex.def 2026-01-29 v7.01p Hyperref driver for pdfTeX
\Fld@listcount=\count325
\c@bookmark@seq@number=\count326
\Hy@SectionHShift=\skip60
)
(./cleveref.sty
Package: cleveref 2018/03/27 v0.21.4 Intelligent cross-referencing
Package cleveref Info: `hyperref' support loaded on input line 2370.
LaTeX Info: Redefining \cref on input line 2370.
LaTeX Info: Redefining \Cref on input line 2370.
LaTeX Info: Redefining \crefrange on input line 2370.
LaTeX Info: Redefining \Crefrange on input line 2370.
LaTeX Info: Redefining \cpageref on input line 2370.
LaTeX Info: Redefining \Cpageref on input line 2370.
LaTeX Info: Redefining \cpagerefrange on input line 2370.
LaTeX Info: Redefining \Cpagerefrange on input line 2370.
LaTeX Info: Redefining \labelcref on input line 2370.
LaTeX Info: Redefining \labelcpageref on input line 2370.
Package cleveref Info: always capitalise cross-reference names on input line 78
30.
Package cleveref Info: always capitalise cross-reference names on input line 78
52.
Package cleveref Info: no abbreviation of names on input line 7852.
)
==> First Aid for cleveref.sty applied!
LaTeX Font Info:    Trying to load font information for OT1+ptm on input line 3
9.
(/usr/local/texlive/2025basic/texmf-dist/tex/latex/psnfss/ot1ptm.fd
File: ot1ptm.fd 2001/06/04 font definitions for OT1/ptm.
)
(/usr/local/texlive/2025basic/texmf-dist/tex/latex/l3backend/l3backend-pdftex.d
ef
File: l3backend-pdftex.def 2025-10-09 L3 backend support: PDF output (pdfTeX)
\l__color_backend_stack_int=\count327
) (./fa_kgd.aux)
\openout1 = `fa_kgd.aux'.

LaTeX Font Info:    Checking defaults for OML/cmm/m/it on input line 39.
LaTeX Font Info:    ... okay on input line 39.
LaTeX Font Info:    Checking defaults for OMS/cmsy/m/n on input line 39.
LaTeX Font Info:    ... okay on input line 39.
LaTeX Font Info:    Checking defaults for OT1/cmr/m/n on input line 39.
LaTeX Font Info:    ... okay on input line 39.
LaTeX Font Info:    Checking defaults for T1/cmr/m/n on input line 39.
LaTeX Font Info:    ... okay on input line 39.
LaTeX Font Info:    Checking defaults for TS1/cmr/m/n on input line 39.
LaTeX Font Info:    ... okay on input line 39.
LaTeX Font Info:    Checking defaults for OMX/cmex/m/n on input line 39.
LaTeX Font Info:    ... okay on input line 39.
LaTeX Font Info:    Checking defaults for U/cmr/m/n on input line 39.
LaTeX Font Info:    ... okay on input line 39.
LaTeX Font Info:    Checking defaults for PD1/pdf/m/n on input line 39.
LaTeX Font Info:    ... okay on input line 39.
LaTeX Font Info:    Checking defaults for PU/pdf/m/n on input line 39.
LaTeX Font Info:    ... okay on input line 39.

(/usr/local/texlive/2025basic/texmf-dist/tex/context/base/mkii/supp-pdf.mkii
[Loading MPS to PDF converter (version 2006.09.02).]
\scratchcounter=\count328
\scratchdimen=\dimen193
\scratchbox=\box59
\nofMPsegments=\count329
\nofMParguments=\count330
\everyMPshowfont=\toks26
\MPscratchCnt=\count331
\MPscratchDim=\dimen194
\MPnumerator=\count332
\makeMPintoPDFobject=\count333
\everyMPtoPDFconversion=\toks27
)
(/usr/local/texlive/2025basic/texmf-dist/tex/latex/epstopdf-pkg/epstopdf-base.s
ty
Package: epstopdf-base 2020-01-24 v2.11 Base part for package epstopdf
 (/usr/local/texlive/2025basic/texmf-dist/tex/latex/grfext/grfext.sty
Package: grfext 2019/12/03 v1.3 Manage graphics extensions (HO)
)
Package epstopdf-base Info: Redefining graphics rule for `.eps' on input line 4
85.
Package grfext Info: Graphics extension search list:
(grfext)             [.pdf,.png,.jpg,.mps,.jpeg,.jbig2,.jb2,.PDF,.PNG,.JPG,.JPE
G,.JBIG2,.JB2,.eps]
(grfext)             \AppendGraphicsExtensions on input line 504.

(/usr/local/texlive/2025basic/texmf-dist/tex/latex/latexconfig/epstopdf-sys.cfg
File: epstopdf-sys.cfg 2010/07/13 v1.3 Configuration of (r)epstopdf for TeX Liv
e
))
Package caption Info: Begin \AtBeginDocument code.
Package caption Info: hyperref package is loaded.
Package caption Info: End \AtBeginDocument code.
Package hyperref Info: Link coloring ON on input line 39.
LaTeX Font Info:    Trying to load font information for U+msa on input line 58.

 (/usr/local/texlive/2025basic/texmf-dist/tex/latex/amsfonts/umsa.fd
File: umsa.fd 2013/01/14 v3.01 AMS symbols A
)
LaTeX Font Info:    Trying to load font information for U+msb on input line 58.


(/usr/local/texlive/2025basic/texmf-dist/tex/latex/amsfonts/umsb.fd
File: umsb.fd 2013/01/14 v3.01 AMS symbols B
)
LaTeX Font Info:    Trying to load font information for OT1+pcr on input line 5
8.

(/usr/local/texlive/2025basic/texmf-dist/tex/latex/psnfss/ot1pcr.fd
File: ot1pcr.fd 2001/06/04 font definitions for OT1/pcr.
) [1{/usr/local/texlive/2025basic/texmf-var/fonts/map/pdftex/updmap/pdftex.map}
{/usr/local/texlive/2025basic/texmf-dist/fonts/enc/dvips/base/8r.enc}


]
Underfull \hbox (badness 10000) in paragraph at lines 154--165
[]\OT1/ptm/m/n/10 The De-nois-ing Dif-fu-sion Prob-a-bilis-tic Model
 []


Underfull \hbox (badness 10000) in paragraph at lines 154--165
\OT1/ptm/m/n/10 (DDPM) [[][][]1[][]] de-fines a for-ward nois-ing pro-cess
 []


Underfull \hbox (badness 10000) in paragraph at lines 188--194
[]\OT1/ptm/m/n/10 Jalal et al. [[][][]4[][]] first demon-strated score-based
 []


Underfull \hbox (badness 10000) in paragraph at lines 188--194
\OT1/ptm/m/n/10 compressed-sensing MRI with a posterior-sampling
 []


Underfull \hbox (badness 1248) in paragraph at lines 188--194
\OT1/ptm/m/n/10 for-mu-la-tion, and Chung & Ye [[][][]5[][]] ex-tended it to th
e
 []

[2] [3]
Package hyperref Info: bookmark level for unknown algorithm defaults to 0 on in
put line 444.

Underfull \hbox (badness 3657) in paragraph at lines 447--450
\OT1/ptm/m/n/10 sched-ule $\OMS/cmsy/m/n/10 f\OML/cmm/m/it/10 ^^[[]\OMS/cmsy/m/
n/10 g$\OT1/ptm/m/n/10 ; de-faults $\OML/cmm/m/it/10 [][]\OT1/cmr/m/n/10 0\OML
/cmm/m/it/10 :\OT1/cmr/m/n/10 95$\OT1/ptm/m/n/10 , $\OML/cmm/m/it/10 ^^L[]\OT1/
cmr/m/n/10 1\OML/cmm/m/it/10 :\OT1/cmr/m/n/10 0$\OT1/ptm/m/n/10 , $\OML/cmm/m/i
t/10 ^^M[]\OT1/cmr/m/n/10 0$\OT1/ptm/m/n/10 ,
 []

LaTeX Font Info:    Trying to load font information for OMS+ptm on input line 4
55.
(/usr/local/texlive/2025basic/texmf-dist/tex/latex/psnfss/omsptm.fd
File: omsptm.fd 
)
LaTeX Font Info:    Font shape `OMS/ptm/m/n' in size <10> not available
(Font)              Font shape `OMS/cmsy/m/n' tried instead on input line 455.

Underfull \hbox (badness 10000) in paragraph at lines 456--458
[] []$\OML/cmm/m/it/10 r\OT1/cmr/m/n/10 (\OML/cmm/m/it/10 t\OT1/cmr/m/n/10 ) \O
MS/cmsy/m/n/10   \OML/cmm/m/it/10 r[] \OT1/cmr/m/n/10 + (\OML/cmm/m/it/10 r[][]
r[]\OT1/cmr/m/n/10 )(1[]\OML/cmm/m/it/10 t=T\OT1/cmr/m/n/10 )[]$
 []


Underfull \hbox (badness 3260) in paragraph at lines 462--465
[] []$[] \OMS/cmsy/m/n/10   \OML/cmm/m/it/10 \OT1/cmr/m/n/10 (\OML/cmm/m/it/10
 t\OT1/cmr/m/n/10 )[] + (1[]\OML/cmm/m/it/10 \OT1/cmr/m/n/10 (\OML/cmm/m/it/10
 t\OT1/cmr/m/n/10 )) [](\OMS/cmsy/m/n/10 j\OML/cmm/m/it/10 r[]\OMS/cmsy/m/n/10 
j[][]\OML/cmm/m/it/10 ^^M^^[[];  ^^O\OT1/cmr/m/n/10 )$
 []


Underfull \hbox (badness 4366) in paragraph at lines 471--472
[] []$\OML/cmm/m/it/10 x[] \OMS/cmsy/m/n/10  $ \OT1/ptm/m/n/10 De-nois-ing Dif-
fu-sion Im-plicit Model
 []


Underfull \hbox (badness 1769) in paragraph at lines 500--506
\OT1/ptm/m/n/10 the model op-er-ates cross-domain (brain-trained, knee-
 []

[4]
<fig1_reconstruction_comparison.png, id=170, 521.5485pt x 329.7921pt>
File: fig1_reconstruction_comparison.png Graphic file (type png)
<use fig1_reconstruction_comparison.png>
Package pdftex.def Info: fig1_reconstruction_comparison.png  used on input line
 578.
(pdftex.def)             Requested size: 278.23828pt x 175.94135pt.
<fig2_zoomed_crops.png, id=172, 490.9542pt x 178.9887pt>
File: fig2_zoomed_crops.png Graphic file (type png)
<use fig2_zoomed_crops.png>
Package pdftex.def Info: fig2_zoomed_crops.png  used on input line 584.
(pdftex.def)             Requested size: 198.73946pt x 72.45723pt.

Underfull \hbox (badness 3039) in paragraph at lines 633--633
[]\OT1/ptm/m/n/10 Table 3: |Step-budget scal-ing, $\OT1/cmr/m/n/10 192$ \OT1/pt
m/m/n/10 AXFLAIR brain
 []


Underfull \hbox (badness 1558) in paragraph at lines 633--633
\OT1/ptm/m/n/10 slices ($\OT1/cmr/m/n/10 12$ \OT1/ptm/m/n/10 vol-umes, $\OML/cm
m/m/it/10 ^^L[]\OT1/cmr/m/n/10 5$ \OT1/ptm/m/n/10 ra-dial noise, an-a-lytic ra-
dial
 []


Underfull \hbox (badness 2088) in paragraph at lines 633--633
\OT1/ptm/m/n/10 init, $\OML/cmm/m/it/10 m[][][]$\OT1/ptm/m/n/10 , $\OML/cmm/m/i
t/10 ^^[[][]\OT1/cmr/m/n/10 10$\OT1/ptm/m/n/10 ). $\OT1/cmr/m/n/10 ^^A$\OT1/ptm
/m/n/10 : per-slice mean
 []


Underfull \hbox (badness 1087) in paragraph at lines 633--633
\OML/cmm/m/it/10 p$\OT1/ptm/m/n/10 . All $\OT1/cmr/m/n/10 12$ \OT1/ptm/m/n/10 v
ol-ume means pos-i-tive (vol-ume Wilcoxon
 []


Underfull \vbox (badness 5924) has occurred while \output is active []


Underfull \hbox (badness 1755) in paragraph at lines 660--660
[]\OT1/ptm/m/n/10 Table 4: |Cross-domain knee sweep: $\OT1/cmr/m/n/10 192$ \OT1
/ptm/m/n/10 single-coil
 []


Underfull \hbox (badness 4001) in paragraph at lines 660--660
\OT1/ptm/m/n/10 hy-per-pa-ram-e-ters as Ta-ble [][]3[][]). $\OT1/cmr/m/n/10 ^^A
$\OT1/ptm/m/n/10 : per-slice mean
 []


Underfull \hbox (badness 1286) in paragraph at lines 660--660
\OT1/ptm/m/n/10 (FA-KGD$\OMS/cmsy/m/n/10 ^^@\OT1/cmr/m/n/10 ^^E$\OT1/ptm/m/n/10
 GDM)$\OMS/cmsy/m/n/10 ^^F$\OT1/ptm/m/n/10 std, one-sided paired Wilcoxon $\OML
/cmm/m/it/10 p$
 []

<fig3_scaling_curve.png, id=181, 521.3076pt x 170.5572pt>
File: fig3_scaling_curve.png Graphic file (type png)
<use fig3_scaling_curve.png>
Package pdftex.def Info: fig3_scaling_curve.png  used on input line 697.
(pdftex.def)             Requested size: 237.13594pt x 77.58542pt.

Underfull \hbox (badness 2173) in paragraph at lines 703--703
\OT1/ptm/m/n/10 sis-tent with FPDC elim-i-nat-ing $\OT1/cmr/m/n/10 ^^E$\OT1/ptm
/m/n/10 GDM's late-$\OML/cmm/m/it/10 T$ \OT1/ptm/m/n/10 over-
 []


Underfull \vbox (badness 10000) has occurred while \output is active []

 [5]
Underfull \vbox (badness 10000) has occurred while \output is active []

<fig4_frequency_analysis.png, id=196, 521.3076pt x 196.0926pt>
File: fig4_frequency_analysis.png Graphic file (type png)
<use fig4_frequency_analysis.png>
Package pdftex.def Info: fig4_frequency_analysis.png  used on input line 720.
(pdftex.def)             Requested size: 237.13594pt x 89.20132pt.

Underfull \vbox (badness 10000) has occurred while \output is active []

 [6 <./fig1_reconstruction_comparison.png> <./fig2_zoomed_crops.png> <./fig3_sc
aling_curve.png>]
<fig7_cross_domain_bar.png, id=216, 508.0581pt x 209.8239pt>
File: fig7_cross_domain_bar.png Graphic file (type png)
<use fig7_cross_domain_bar.png>
Package pdftex.def Info: fig7_cross_domain_bar.png  used on input line 746.
(pdftex.def)             Requested size: 237.13594pt x 97.93529pt.

Underfull \hbox (badness 2564) in paragraph at lines 756--763
[]\OT1/ptm/m/n/10 Figure [][]5[][] sweeps $\OML/cmm/m/it/10 ^^L \OMS/cmsy/m/n/1
0 2 f\OT1/cmr/m/n/10 0\OML/cmm/m/it/10 :\OT1/cmr/m/n/10 5\OML/cmm/m/it/10 ; \OT
1/cmr/m/n/10 1\OML/cmm/m/it/10 :\OT1/cmr/m/n/10 0\OML/cmm/m/it/10 ; \OT1/cmr/m/
n/10 2\OML/cmm/m/it/10 :\OT1/cmr/m/n/10 0\OMS/cmsy/m/n/10 g$ \OT1/ptm/m/n/10 an
d $\OML/cmm/m/it/10  \OMS/cmsy/m/n/10 2
 []

<fig5_hyperparameter_sweep.png, id=220, 326.1786pt x 239.4546pt>
File: fig5_hyperparameter_sweep.png Graphic file (type png)
<use fig5_hyperparameter_sweep.png>
Package pdftex.def Info: fig5_hyperparameter_sweep.png  used on input line 766.

(pdftex.def)             Requested size: 237.13594pt x 174.0879pt.
[7 <./fig7_cross_domain_bar.png> <./fig4_frequency_analysis.png> <./fig5_hyperp
arameter_sweep.png>]
LaTeX Font Info:    Trying to load font information for TS1+ptm on input line 8
66.

(/usr/local/texlive/2025basic/texmf-dist/tex/latex/psnfss/ts1ptm.fd
File: ts1ptm.fd 2001/06/04 font definitions for TS1/ptm.
)
(./fa_kgd.bbl (./fa_kgd.brf)
\tf@brf=\write3
\openout3 = `fa_kgd.brf'.

 [8]
Underfull \hbox (badness 1320) in paragraph at lines 67--67
[]\OT1/ptm/m/n/10 J. Song, A. Vah-dat, M. Mar-dani, and J. Kautz,
 []


Underfull \hbox (badness 1442) in paragraph at lines 96--96
\OT1/ptm/m/n/10 bench-marks for ac-cel-er-ated MRI,'' \OT1/ptm/m/it/10 arXiv pr
eprint
 []

) [9]

LaTeX Warning: `h' float specifier changed to `ht'.

[10] (./fa_kgd.aux)
 ***********
LaTeX2e <2025-11-01>
L3 programming layer <2026-01-19>
 ***********
Package rerunfilecheck Info: File `fa_kgd.brf' has not changed.
(rerunfilecheck)             Checksum: 5134CADC9E330C8EE6E3DD11C158B4CE;1878.
 ) 
Here is how much of TeX's memory you used:
 14817 strings out of 469005
 245403 string characters out of 5454799
 706249 words of memory out of 5000000
 43176 multiletter control sequences out of 15000+600000
 668242 words of font info for 131 fonts, out of 8000000 for 9000
 319 hyphenation exceptions out of 8191
 90i,11n,93p,598b,654s stack positions out of 10000i,1000n,20000p,200000b,200000s
</usr/local/texlive/2025basic/texmf-dist/fonts/type1/public/amsfonts/cm/cmbx1
0.pfb></usr/local/texlive/2025basic/texmf-dist/fonts/type1/public/amsfonts/cm/c
mbx7.pfb></usr/local/texlive/2025basic/texmf-dist/fonts/type1/public/amsfonts/c
m/cmex10.pfb></usr/local/texlive/2025basic/texmf-dist/fonts/type1/public/amsfon
ts/cm/cmmi10.pfb></usr/local/texlive/2025basic/texmf-dist/fonts/type1/public/am
sfonts/cm/cmmi5.pfb></usr/local/texlive/2025basic/texmf-dist/fonts/type1/public
/amsfonts/cm/cmmi7.pfb></usr/local/texlive/2025basic/texmf-dist/fonts/type1/pub
lic/amsfonts/cm/cmmi9.pfb></usr/local/texlive/2025basic/texmf-dist/fonts/type1/
public/amsfonts/cm/cmr10.pfb></usr/local/texlive/2025basic/texmf-dist/fonts/typ
e1/public/amsfonts/cm/cmr5.pfb></usr/local/texlive/2025basic/texmf-dist/fonts/t
ype1/public/amsfonts/cm/cmr7.pfb></usr/local/texlive/2025basic/texmf-dist/fonts
/type1/public/amsfonts/cm/cmr9.pfb></usr/local/texlive/2025basic/texmf-dist/fon
ts/type1/public/amsfonts/cm/cmsy10.pfb></usr/local/texlive/2025basic/texmf-dist
/fonts/type1/public/amsfonts/cm/cmsy5.pfb></usr/local/texlive/2025basic/texmf-d
ist/fonts/type1/public/amsfonts/cm/cmsy6.pfb></usr/local/texlive/2025basic/texm
f-dist/fonts/type1/public/amsfonts/cm/cmsy7.pfb></usr/local/texlive/2025basic/t
exmf-dist/fonts/type1/public/amsfonts/cm/cmsy9.pfb></usr/local/texlive/2025basi
c/texmf-dist/fonts/type1/public/amsfonts/symbols/msam10.pfb></usr/local/texlive
/2025basic/texmf-dist/fonts/type1/public/amsfonts/symbols/msbm10.pfb></usr/loca
l/texlive/2025basic/texmf-dist/fonts/type1/urw/courier/ucrr8a.pfb></usr/local/t
exlive/2025basic/texmf-dist/fonts/type1/urw/times/utmb8a.pfb></usr/local/texliv
e/2025basic/texmf-dist/fonts/type1/urw/times/utmbi8a.pfb></usr/local/texlive/20
25basic/texmf-dist/fonts/type1/urw/times/utmr8a.pfb></usr/local/texlive/2025bas
ic/texmf-dist/fonts/type1/urw/times/utmri8a.pfb>
Output written on fa_kgd.pdf (10 pages, 3994219 bytes).
PDF statistics:
 440 PDF objects out of 1000 (max. 8388607)
 360 compressed objects within 4 object streams
 107 named destinations out of 1000 (max. 500000)
 31 words of extra memory for PDF output out of 10000 (max. 10000000)

